Running Gradle task 'assembleRelease'...                        
flutter : lib/screens/now_playing_screen.dart:582:12: Error: Not a constant expression.
At line:1 char:1
+ flutter build apk > build_output.txt 2>&1
+ ~~~~~~~~~~~~~~~~~~~~~~~~~~~~~~~~~~~~~~~~~
    + CategoryInfo          : NotSpecified: (lib/screens/now...ant expression.:String) [], RemoteException
    + FullyQualifiedErrorId : NativeCommandError
 
      case RepeatMode.one:
           ^^^^^^^^^^
lib/screens/now_playing_screen.dart:582:12: Error: 'RepeatMode' is imported from both 
'package:aura_music/providers/music_provider.dart' and 'package:flutter/src/widgets/repeating_animation_builder.dart'.
      case RepeatMode.one:
           ^^^^^^^^^^
lib/screens/now_playing_screen.dart:607:39: Error: 'RepeatMode' is imported from both 
'package:aura_music/providers/music_provider.dart' and 'package:flutter/src/widgets/repeating_animation_builder.dart'.
          active: music.repeatMode != RepeatMode.none,
                                      ^^^^^^^^^^
lib/screens/playlists_screen.dart:201:33: Error: The getter 'trackCount' isn't defined for the type 'Playlist'.
 - 'Playlist' is from 'package:aura_music/models/song.dart' ('lib/models/song.dart').
Try correcting the name to the name of an existing getter, or defining a getter or field named 'trackCount'.
                  Text(playlist.trackCount,
                                ^^^^^^^^^^
lib/screens/playlists_screen.dart:309:35: Error: The getter 'trackCount' isn't defined for the type 'Playlist'.
 - 'Playlist' is from 'package:aura_music/models/song.dart' ('lib/models/song.dart').
Try correcting the name to the name of an existing getter, or defining a getter or field named 'trackCount'.
                    Text(playlist.trackCount,
                                  ^^^^^^^^^^
lib/screens/playlists_screen.dart:433:31: Error: The getter 'trackCount' isn't defined for the type 'Playlist'.
 - 'Playlist' is from 'package:aura_music/models/song.dart' ('lib/models/song.dart').
Try correcting the name to the name of an existing getter, or defining a getter or field named 'trackCount'.
                      Text(pl.trackCount,
                              ^^^^^^^^^^
Target kernel_snapshot_program failed: Exception


FAILURE: Build failed with an exception.

* What went wrong:
Execution failed for task ':app:compileFlutterBuildRelease'.
> Process 'command 'C:\Users\Ricky\flutter\bin\flutter.bat'' finished with non-zero exit value 1

* Try:
> Run with --stacktrace option to get the stack trace.
> Run with --info or --debug option to get more log output.
> Run with --scan to get full insights.
> Get more help at https://help.gradle.org.

BUILD FAILED in 7s
Running Gradle task 'assembleRelease'...                            7.3s
Gradle task assembleRelease failed with exit code 1
